// Jest Snapshot v1, https://goo.gl/fbAQLP

exports[`App component should render correctly 1`] = `
<DocumentFragment>
  <div
    class="App"
  >
    <div
      class="container-fluid header"
    >
      <div
        class="row"
      >
        <div
          class="col-12"
        >
          <ul
            class="list-unstyled header-list mb-0"
          >
            <li>
              <a
                aria-current="page"
                class="active"
                href="/"
              >
                Home
              </a>
            </li>
            <li>
              <a
                href="/form"
              >
                Form
              </a>
            </li>
            <li>
              <a
                href="/results"
              >
                Results
              </a>
            </li>
          </ul>
        </div>
      </div>
    </div>
    <div
      class="container mt-5 d-flex justify-content-center"
    >
      <div>
        <h1>
          Welcome
        </h1>
      </div>
    </div>
  </div>
</DocumentFragment>
`;
