// Jest Snapshot v1, https://goo.gl/fbAQLP

exports[`DisplayData component should render correctly with data 1`] = `
<DocumentFragment>
  <div
    class="table-responsive"
  >
    <table
      class="table"
    >
      <thead>
        <tr>
          <th>
            Date
          </th>
          <th>
            Open
          </th>
          <th>
            High
          </th>
          <th>
            Low
          </th>
          <th>
            Close
          </th>
          <th>
            Volume
          </th>
        </tr>
      </thead>
      <tbody>
        <tr>
          <td>
            test
          </td>
          <td>
            2
          </td>
          <td>
            2
          </td>
          <td>
            2
          </td>
          <td>
            1
          </td>
          <td>
            1
          </td>
        </tr>
      </tbody>
    </table>
  </div>
</DocumentFragment>
`;

exports[`DisplayData component should render correctly without data 1`] = `<DocumentFragment />`;
