// Jest Snapshot v1, https://goo.gl/fbAQLP

exports[`Error message component should render correctly 1`] = `
<DocumentFragment>
  <p
    class="error-message text-danger"
    data-testid="error-message"
  >
    test
  </p>
</DocumentFragment>
`;

exports[`Error message component should render empty 1`] = `<DocumentFragment />`;
