// Jest Snapshot v1, https://goo.gl/fbAQLP

exports[`Home page component should render correctly 1`] = `
<DocumentFragment>
  <div>
    <h1>
      Welcome
    </h1>
  </div>
</DocumentFragment>
`;
