// Jest Snapshot v1, https://goo.gl/fbAQLP

exports[`Results page component should render correctly 1`] = `
<DocumentFragment>
  <div
    class="results no-data"
  >
    <h2>
      You must go to form and add your preferences first.
    </h2>
    <a
      href="/form"
    >
      Go to form
    </a>
  </div>
</DocumentFragment>
`;
